Archive member included to satisfy reference by file (symbol)

c:/program files (x86)/atmel/studio/7.0/toolchain/avr8/avr8-gnu-toolchain/bin/../lib/gcc/avr/4.9.2/avr35\libgcc.a(_exit.o)
                              C:/Program Files (x86)/Atmel/Studio/7.0/Packs/atmel/ATmega_DFP/1.0.98/gcc/dev/at90usb162/avr35/crtat90usb162.o (exit)
c:/program files (x86)/atmel/studio/7.0/toolchain/avr8/avr8-gnu-toolchain/bin/../lib/gcc/avr/4.9.2/avr35\libgcc.a(_copy_data.o)
                              src/LUFA/LUFA/Drivers/USB/Class/Device/CDCClassDevice.o (__do_copy_data)
c:/program files (x86)/atmel/studio/7.0/toolchain/avr8/avr8-gnu-toolchain/bin/../lib/gcc/avr/4.9.2/avr35\libgcc.a(_clear_bss.o)
                              src/LUFA/LUFA/Drivers/USB/Core/DeviceStandardReq.o (__do_clear_bss)
c:/program files (x86)/atmel/studio/7.0/toolchain/avr8/avr8-gnu-toolchain/bin/../lib/gcc/avr/4.9.2/../../../../avr/lib/avr35\libc.a(memcpy_P.o)
                              src/LUFA/LUFA/Drivers/USB/Class/Device/RNDISClassDevice.o (memcpy_P)
c:/program files (x86)/atmel/studio/7.0/toolchain/avr8/avr8-gnu-toolchain/bin/../lib/gcc/avr/4.9.2/../../../../avr/lib/avr35\libc.a(strlen_P.o)
                              src/LUFA/LUFA/Drivers/USB/Class/Device/CDCClassDevice.o (__strlen_P)
c:/program files (x86)/atmel/studio/7.0/toolchain/avr8/avr8-gnu-toolchain/bin/../lib/gcc/avr/4.9.2/../../../../avr/lib/avr35\libc.a(memcmp.o)
                              src/LUFA/LUFA/Drivers/USB/Class/Device/HIDClassDevice.o (memcmp)
c:/program files (x86)/atmel/studio/7.0/toolchain/avr8/avr8-gnu-toolchain/bin/../lib/gcc/avr/4.9.2/../../../../avr/lib/avr35\libc.a(memcpy.o)
                              src/LUFA/LUFA/Drivers/USB/Class/Device/HIDClassDevice.o (memcpy)
c:/program files (x86)/atmel/studio/7.0/toolchain/avr8/avr8-gnu-toolchain/bin/../lib/gcc/avr/4.9.2/../../../../avr/lib/avr35\libc.a(memset.o)
                              src/LUFA/LUFA/Drivers/USB/Class/Device/HIDClassDevice.o (memset)
C:/Program Files (x86)/Atmel/Studio/7.0/Packs/atmel/ATmega_DFP/1.0.98/gcc/dev/at90usb162/avr35\libat90usb162.a(eerd_byte.o)
                              src/LUFA/LUFA/Drivers/USB/Core/AVR8/EndpointStream_AVR8.o (eeprom_read_byte)
C:/Program Files (x86)/Atmel/Studio/7.0/Packs/atmel/ATmega_DFP/1.0.98/gcc/dev/at90usb162/avr35\libat90usb162.a(eeupd_byte.o)
                              src/LUFA/LUFA/Drivers/USB/Core/AVR8/EndpointStream_AVR8.o (eeprom_update_byte)

Allocating common symbols
Common symbol       size              file

USB_IsInitialized   0x1               src/LUFA/LUFA/Drivers/USB/Core/USBTask.o
USB_DeviceState     0x1               src/LUFA/LUFA/Drivers/USB/Core/USBTask.o
USB_Device_ConfigurationNumber
                    0x1               src/LUFA/LUFA/Drivers/USB/Core/DeviceStandardReq.o
USB_Device_CurrentlySelfPowered
                    0x1               src/LUFA/LUFA/Drivers/USB/Core/DeviceStandardReq.o
USB_ControlRequest  0x8               src/LUFA/LUFA/Drivers/USB/Core/USBTask.o
USB_Device_RemoteWakeupEnabled
                    0x1               src/LUFA/LUFA/Drivers/USB/Core/DeviceStandardReq.o

Discarded input sections

 .data          0x00000000        0x0 C:/Program Files (x86)/Atmel/Studio/7.0/Packs/atmel/ATmega_DFP/1.0.98/gcc/dev/at90usb162/avr35/crtat90usb162.o
 .bss           0x00000000        0x0 C:/Program Files (x86)/Atmel/Studio/7.0/Packs/atmel/ATmega_DFP/1.0.98/gcc/dev/at90usb162/avr35/crtat90usb162.o
 .group         0x00000000        0x8 Descriptors.o
 .group         0x00000000        0x8 Descriptors.o
 .group         0x00000000        0x8 Descriptors.o
 .group         0x00000000        0x8 Descriptors.o
 .group         0x00000000        0x8 Descriptors.o
 .group         0x00000000        0x8 Descriptors.o
 .group         0x00000000        0x8 Descriptors.o
 .group         0x00000000        0x8 Descriptors.o
 .group         0x00000000        0x8 Descriptors.o
 .group         0x00000000        0x8 Descriptors.o
 .group         0x00000000        0x8 Descriptors.o
 .group         0x00000000        0x8 Descriptors.o
 .group         0x00000000        0x8 Descriptors.o
 .group         0x00000000        0x8 Descriptors.o
 .group         0x00000000        0x8 Descriptors.o
 .group         0x00000000        0x8 Descriptors.o
 .group         0x00000000        0x8 Descriptors.o
 .group         0x00000000        0x8 Descriptors.o
 .group         0x00000000        0x8 Descriptors.o
 .group         0x00000000        0x8 Descriptors.o
 .group         0x00000000        0x8 Descriptors.o
 .group         0x00000000        0x8 Descriptors.o
 .group         0x00000000        0x8 Descriptors.o
 .group         0x00000000        0x8 Descriptors.o
 .group         0x00000000        0x8 Descriptors.o
 .group         0x00000000        0x8 Descriptors.o
 .group         0x00000000        0x8 Descriptors.o
 .group         0x00000000        0x8 Descriptors.o
 .group         0x00000000        0x8 Descriptors.o
[...]
Memory Configuration

Name             Origin             Length             Attributes
text             0x00000000         0x00010000         xr
data             0x00800060         0x0000ffa0         rw !x
eeprom           0x00810000         0x00010000         rw !x
fuse             0x00820000         0x00000400         rw !x
lock             0x00830000         0x00000400         rw !x
signature        0x00840000         0x00000400         rw !x
user_signatures  0x00850000         0x00000400         rw !x
*default*        0x00000000         0xffffffff

Linker script and memory map

Address of section .data set to 0x800100
LOAD C:/Program Files (x86)/Atmel/Studio/7.0/Packs/atmel/ATmega_DFP/1.0.98/gcc/dev/at90usb162/avr35/crtat90usb162.o
LOAD Descriptors.o
LOAD GenericHID.o
LOAD src/LUFA/LUFA/Drivers/USB/Class/Common/HIDParser.o
LOAD src/LUFA/LUFA/Drivers/USB/Class/Device/AudioClassDevice.o
LOAD src/LUFA/LUFA/Drivers/USB/Class/Device/CDCClassDevice.o
LOAD src/LUFA/LUFA/Drivers/USB/Class/Device/HIDClassDevice.o
LOAD src/LUFA/LUFA/Drivers/USB/Class/Device/MassStorageClassDevice.o
LOAD src/LUFA/LUFA/Drivers/USB/Class/Device/MIDIClassDevice.o
LOAD src/LUFA/LUFA/Drivers/USB/Class/Device/PrinterClassDevice.o
LOAD src/LUFA/LUFA/Drivers/USB/Class/Device/RNDISClassDevice.o
LOAD src/LUFA/LUFA/Drivers/USB/Class/Host/AndroidAccessoryClassHost.o
LOAD src/LUFA/LUFA/Drivers/USB/Class/Host/AudioClassHost.o
LOAD src/LUFA/LUFA/Drivers/USB/Class/Host/CDCClassHost.o
LOAD src/LUFA/LUFA/Drivers/USB/Class/Host/HIDClassHost.o
LOAD src/LUFA/LUFA/Drivers/USB/Class/Host/MassStorageClassHost.o
LOAD src/LUFA/LUFA/Drivers/USB/Class/Host/MIDIClassHost.o
LOAD src/LUFA/LUFA/Drivers/USB/Class/Host/PrinterClassHost.o
LOAD src/LUFA/LUFA/Drivers/USB/Class/Host/RNDISClassHost.o
LOAD src/LUFA/LUFA/Drivers/USB/Class/Host/StillImageClassHost.o
LOAD src/LUFA/LUFA/Drivers/USB/Core/AVR8/Device_AVR8.o
LOAD src/LUFA/LUFA/Drivers/USB/Core/AVR8/EndpointStream_AVR8.o
LOAD src/LUFA/LUFA/Drivers/USB/Core/AVR8/Endpoint_AVR8.o
LOAD src/LUFA/LUFA/Drivers/USB/Core/AVR8/Host_AVR8.o
LOAD src/LUFA/LUFA/Drivers/USB/Core/AVR8/PipeStream_AVR8.o
LOAD src/LUFA/LUFA/Drivers/USB/Core/AVR8/Pipe_AVR8.o
LOAD src/LUFA/LUFA/Drivers/USB/Core/AVR8/Template/Template_Endpoint_Control_R.o
LOAD src/LUFA/LUFA/Drivers/USB/Core/AVR8/Template/Template_Endpoint_Control_W.o
LOAD src/LUFA/LUFA/Drivers/USB/Core/AVR8/Template/Template_Endpoint_RW.o
LOAD src/LUFA/LUFA/Drivers/USB/Core/AVR8/Template/Template_Pipe_RW.o
LOAD src/LUFA/LUFA/Drivers/USB/Core/AVR8/USBController_AVR8.o
LOAD src/LUFA/LUFA/Drivers/USB/Core/AVR8/USBInterrupt_AVR8.o
LOAD src/LUFA/LUFA/Drivers/USB/Core/ConfigDescriptors.o
LOAD src/LUFA/LUFA/Drivers/USB/Core/DeviceStandardReq.o
LOAD src/LUFA/LUFA/Drivers/USB/Core/Events.o
LOAD src/LUFA/LUFA/Drivers/USB/Core/HostStandardReq.o
LOAD src/LUFA/LUFA/Drivers/USB/Core/USBTask.o
START GROUP
LOAD c:/program files (x86)/atmel/studio/7.0/toolchain/avr8/avr8-gnu-toolchain/bin/../lib/gcc/avr/4.9.2/../../../../avr/lib/avr35\libm.a
END GROUP
START GROUP
LOAD c:/program files (x86)/atmel/studio/7.0/toolchain/avr8/avr8-gnu-toolchain/bin/../lib/gcc/avr/4.9.2/avr35\libgcc.a
LOAD c:/program files (x86)/atmel/studio/7.0/toolchain/avr8/avr8-gnu-toolchain/bin/../lib/gcc/avr/4.9.2/../../../../avr/lib/avr35\libm.a
LOAD c:/program files (x86)/atmel/studio/7.0/toolchain/avr8/avr8-gnu-toolchain/bin/../lib/gcc/avr/4.9.2/../../../../avr/lib/avr35\libc.a
LOAD C:/Program Files (x86)/Atmel/Studio/7.0/Packs/atmel/ATmega_DFP/1.0.98/gcc/dev/at90usb162/avr35\libat90usb162.a
END GROUP

.hash
 *(.hash)

.dynsym
 *(.dynsym)

.dynstr
 *(.dynstr)

.gnu.version
 *(.gnu.version)

.gnu.version_d
 *(.gnu.version_d)

.gnu.version_r
 *(.gnu.version_r)

.rel.init
 *(.rel.init)

.rela.init
 *(.rela.init)

.rel.text
 *(.rel.text)
 *(.rel.text.*)
 *(.rel.gnu.linkonce.t*)

.rela.text
 *(.rela.text)
 *(.rela.text.*)
 *(.rela.gnu.linkonce.t*)

.rel.fini
 *(.rel.fini)

.rela.fini
 *(.rela.fini)

.rel.rodata
 *(.rel.rodata)
 *(.rel.rodata.*)
 *(.rel.gnu.linkonce.r*)

.rela.rodata
 *(.rela.rodata)
 *(.rela.rodata.*)
 *(.rela.gnu.linkonce.r*)

.rel.data
 *(.rel.data)
 *(.rel.data.*)
 *(.rel.gnu.linkonce.d*)

.rela.data
 *(.rela.data)
 *(.rela.data.*)
 *(.rela.gnu.linkonce.d*)

.rel.ctors
 *(.rel.ctors)

.rela.ctors
 *(.rela.ctors)

.rel.dtors
 *(.rel.dtors)

.rela.dtors
 *(.rela.dtors)

.rel.got
 *(.rel.got)

.rela.got
 *(.rela.got)

.rel.bss
 *(.rel.bss)

.rela.bss
 *(.rela.bss)

.rel.plt
 *(.rel.plt)

.rela.plt
 *(.rela.plt)

.text           0x00000000      0xc70
 *(.vectors)
 .vectors       0x00000000       0x74 C:/Program Files (x86)/Atmel/Studio/7.0/Packs/atmel/ATmega_DFP/1.0.98/gcc/dev/at90usb162/avr35/crtat90usb162.o
                0x00000000                __vector_default
                0x00000000                __vectors
 *(.vectors)
 *(.progmem.gcc*)
                0x00000074                . = ALIGN (0x2)
                0x00000074                __trampolines_start = .
 *(.trampolines)
 .trampolines   0x00000074        0x0 linker stubs
 *(.trampolines*)
                0x00000074                __trampolines_end = .
 *(.progmem*)
 .progmem.data.ProductString
                0x00000074       0x2c Descriptors.o
                0x00000074                ProductString
 .progmem.data.ManufacturerString
                0x000000a0       0x10 Descriptors.o
                0x000000a0                ManufacturerString
 .progmem.data.LanguageString
                0x000000b0        0x4 Descriptors.o
                0x000000b0                LanguageString
 .progmem.data.ConfigurationDescriptor
                0x000000b4       0x29 Descriptors.o
                0x000000b4                ConfigurationDescriptor
 .progmem.data.DeviceDescriptor
                0x000000dd       0x12 Descriptors.o
                0x000000dd                DeviceDescriptor
 .progmem.data.GenericReport
                0x000000ef       0x20 Descriptors.o
                0x000000ef                GenericReport
                0x00000110                . = ALIGN (0x2)
 *fill*         0x0000010f        0x1 
 *(.jumptables)
 *(.jumptables*)
 *(.lowtext)
 *(.lowtext*)
                0x00000110                __ctors_start = .
 *(.ctors)
                0x00000110                __ctors_end = .
                0x00000110                __dtors_start = .
 *(.dtors)
                0x00000110                __dtors_end = .
 SORT(*)(.ctors)
 SORT(*)(.dtors)
 *(.init0)
 .init0         0x00000110        0x0 C:/Program Files (x86)/Atmel/Studio/7.0/Packs/atmel/ATmega_DFP/1.0.98/gcc/dev/at90usb162/avr35/crtat90usb162.o
                0x00000110                __init
 *(.init0)
 *(.init1)
 *(.init1)
 *(.init2)
 .init2         0x00000110        0xc C:/Program Files (x86)/Atmel/Studio/7.0/Packs/atmel/ATmega_DFP/1.0.98/gcc/dev/at90usb162/avr35/crtat90usb162.o
 *(.init2)
 *(.init3)
 *(.init3)
 *(.init4)
 .init4         0x0000011c       0x16 c:/program files (x86)/atmel/studio/7.0/toolchain/avr8/avr8-gnu-toolchain/bin/../lib/gcc/avr/4.9.2/avr35\libgcc.a(_copy_data.o)
                0x0000011c                __do_copy_data
 .init4         0x00000132       0x10 c:/program files (x86)/atmel/studio/7.0/toolchain/avr8/avr8-gnu-toolchain/bin/../lib/gcc/avr/4.9.2/avr35\libgcc.a(_clear_bss.o)
                0x00000132                __do_clear_bss
 *(.init4)
 *(.init5)
 *(.init5)
 *(.init6)
 *(.init6)
 *(.init7)
 *(.init7)
 *(.init8)
 *(.init8)
 *(.init9)
 .init9         0x00000142        0x4 C:/Program Files (x86)/Atmel/Studio/7.0/Packs/atmel/ATmega_DFP/1.0.98/gcc/dev/at90usb162/avr35/crtat90usb162.o
 *(.init9)
 *(.text)
 .text          0x00000146        0x2 C:/Program Files (x86)/Atmel/Studio/7.0/Packs/atmel/ATmega_DFP/1.0.98/gcc/dev/at90usb162/avr35/crtat90usb162.o
                0x00000146                __vector_22
                0x00000146                __vector_28
                0x00000146                __vector_1
                0x00000146                __vector_24
                0x00000146                __vector_12
                0x00000146                __bad_interrupt
                0x00000146                __vector_6
                0x00000146                __vector_3
                0x00000146                __vector_23
                0x00000146                __vector_25
                0x00000146                __vector_13
                0x00000146                __vector_17
                0x00000146                __vector_19
                0x00000146                __vector_7
                0x00000146                __vector_27
                0x00000146                __vector_5
                0x00000146                __vector_4
                0x00000146                __vector_9
                0x00000146                __vector_2
                0x00000146                __vector_21
                0x00000146                __vector_15
                0x00000146                __vector_8
                0x00000146                __vector_26
                0x00000146                __vector_14
                0x00000146                __vector_10
                0x00000146                __vector_16
                0x00000146                __vector_18
                0x00000146                __vector_20
                0x00000148                . = ALIGN (0x2)
 *(.text.*)
 .text.CALLBACK_USB_GetDescriptor
                0x00000148       0xa0 Descriptors.o
                0x00000148                CALLBACK_USB_GetDescriptor
 .text.hardwareInit
                0x000001e8       0x32 GenericHID.o
                0x000001e8                hardwareInit
 .text.HIDTask  0x0000021a       0x82 GenericHID.o
                0x0000021a                HIDTask
 .text.main     0x0000029c        0xa GenericHID.o
                0x0000029c                main
 .text.Endpoint_Write_Stream_LE
                0x000002a6       0xba src/LUFA/LUFA/Drivers/USB/Core/AVR8/EndpointStream_AVR8.o
                0x000002a6                Endpoint_Write_Stream_LE
 .text.Endpoint_Read_Stream_LE
                0x00000360       0xba src/LUFA/LUFA/Drivers/USB/Core/AVR8/EndpointStream_AVR8.o
                0x00000360                Endpoint_Read_Stream_LE
 .text.Endpoint_Write_Control_Stream_LE
                0x0000041a       0xf2 src/LUFA/LUFA/Drivers/USB/Core/AVR8/EndpointStream_AVR8.o
                0x0000041a                Endpoint_Write_Control_Stream_LE
 .text.Endpoint_Write_Control_PStream_LE
                0x0000050c       0xf8 src/LUFA/LUFA/Drivers/USB/Core/AVR8/EndpointStream_AVR8.o
                0x0000050c                Endpoint_Write_Control_PStream_LE
 .text.Endpoint_ConfigureEndpoint_Prv
                0x00000604       0xcc src/LUFA/LUFA/Drivers/USB/Core/AVR8/Endpoint_AVR8.o
                0x00000604                Endpoint_ConfigureEndpoint_Prv
 .text.Endpoint_ClearStatusStage
                0x000006d0       0x48 src/LUFA/LUFA/Drivers/USB/Core/AVR8/Endpoint_AVR8.o
                0x000006d0                Endpoint_ClearStatusStage
 .text.Endpoint_WaitUntilReady
                0x00000718       0x82 src/LUFA/LUFA/Drivers/USB/Core/AVR8/Endpoint_AVR8.o
                0x00000718                Endpoint_WaitUntilReady
 .text.USB_ResetInterface
                0x0000079a       0x66 src/LUFA/LUFA/Drivers/USB/Core/AVR8/USBController_AVR8.o
                0x0000079a                USB_ResetInterface
 .text.USB_Init
                0x00000800       0x14 src/LUFA/LUFA/Drivers/USB/Core/AVR8/USBController_AVR8.o
                0x00000800                USB_Init
 .text.USB_INT_DisableAllInterrupts
                0x00000814        0x6 src/LUFA/LUFA/Drivers/USB/Core/AVR8/USBInterrupt_AVR8.o
                0x00000814                USB_INT_DisableAllInterrupts
 .text.USB_INT_ClearAllInterrupts
                0x0000081a        0x6 src/LUFA/LUFA/Drivers/USB/Core/AVR8/USBInterrupt_AVR8.o
                0x0000081a                USB_INT_ClearAllInterrupts
 .text.__vector_11
                0x00000820      0x13c src/LUFA/LUFA/Drivers/USB/Core/AVR8/USBInterrupt_AVR8.o
                0x00000820                __vector_11
 .text.USB_Device_ProcessControlRequest
                0x0000095c      0x2da src/LUFA/LUFA/Drivers/USB/Core/DeviceStandardReq.o
                0x0000095c                USB_Device_ProcessControlRequest
 .text.USB_Event_Stub
                0x00000c36        0x2 src/LUFA/LUFA/Drivers/USB/Core/Events.o
                0x00000c36                EVENT_USB_Device_ConfigurationChanged
                0x00000c36                EVENT_USB_Device_Connect
                0x00000c36                EVENT_USB_Device_WakeUp
                0x00000c36                USB_Event_Stub
                0x00000c36                EVENT_USB_Device_Suspend
                0x00000c36                EVENT_USB_Device_StartOfFrame
                0x00000c36                EVENT_USB_Device_Disconnect
                0x00000c36                EVENT_USB_Device_Reset
                0x00000c36                EVENT_USB_Device_ControlRequest
 .text.USB_USBTask
                0x00000c38       0x34 src/LUFA/LUFA/Drivers/USB/Core/USBTask.o
                0x00000c38                USB_USBTask
                0x00000c6c                . = ALIGN (0x2)
 *(.fini9)
 .fini9         0x00000c6c        0x0 c:/program files (x86)/atmel/studio/7.0/toolchain/avr8/avr8-gnu-toolchain/bin/../lib/gcc/avr/4.9.2/avr35\libgcc.a(_exit.o)
                0x00000c6c                _exit
                0x00000c6c                exit
 *(.fini9)
 *(.fini8)
 *(.fini8)
 *(.fini7)
 *(.fini7)
 *(.fini6)
 *(.fini6)
 *(.fini5)
 *(.fini5)
 *(.fini4)
 *(.fini4)
 *(.fini3)
 *(.fini3)
 *(.fini2)
 *(.fini2)
 *(.fini1)
 *(.fini1)
 *(.fini0)
 .fini0         0x00000c6c        0x4 c:/program files (x86)/atmel/studio/7.0/toolchain/avr8/avr8-gnu-toolchain/bin/../lib/gcc/avr/4.9.2/avr35\libgcc.a(_exit.o)
 *(.fini0)
                0x00000c70                _etext = .

.data           0x00800100        0x0 load address 0x00000c70
                0x00800100                PROVIDE (__data_start, .)
 *(.data)
 *(.data*)
 *(.rodata)
 *(.rodata*)
 *(.gnu.linkonce.d*)
                0x00800100                . = ALIGN (0x2)
                0x00800100                _edata = .
                0x00800100                PROVIDE (__data_end, .)

.bss            0x00800100        0xd
                0x00800100                PROVIDE (__bss_start, .)
 *(.bss)
 *(.bss*)
 *(COMMON)
 COMMON         0x00800100        0x3 src/LUFA/LUFA/Drivers/USB/Core/DeviceStandardReq.o
                0x00800100                USB_Device_ConfigurationNumber
                0x00800101                USB_Device_CurrentlySelfPowered
                0x00800102                USB_Device_RemoteWakeupEnabled
 COMMON         0x00800103        0xa src/LUFA/LUFA/Drivers/USB/Core/USBTask.o
                0x00800103                USB_IsInitialized
                0x00800104                USB_DeviceState
                0x00800105                USB_ControlRequest
                0x0080010d                PROVIDE (__bss_end, .)
                0x00000c70                __data_load_start = LOADADDR (.data)
                0x00000c70                __data_load_end = (__data_load_start + SIZEOF (.data))

.noinit         0x0080010d        0x0
                0x0080010d                PROVIDE (__noinit_start, .)
 *(.noinit*)
                0x0080010d                PROVIDE (__noinit_end, .)
                0x0080010d                _end = .
                0x0080010d                PROVIDE (__heap_start, .)

.eeprom         0x00810000        0x0
 *(.eeprom*)
                0x00810000                __eeprom_end = .

.fuse
 *(.fuse)
 *(.lfuse)
 *(.hfuse)
 *(.efuse)

.lock
 *(.lock*)

.signature
 *(.signature*)

.user_signatures
 *(.user_signatures*)

.stab
 *(.stab)

.stabstr
 *(.stabstr)

.stab.excl
 *(.stab.excl)

.stab.exclstr
 *(.stab.exclstr)

.stab.index
 *(.stab.index)

.stab.indexstr
 *(.stab.indexstr)

.comment        0x00000000       0x30
 *(.comment)
 .comment       0x00000000       0x30 Descriptors.o
                                 0x31 (size before relaxing)
 .comment       0x00000030       0x31 GenericHID.o
 .comment       0x00000030       0x31 src/LUFA/LUFA/Drivers/USB/Core/AVR8/EndpointStream_AVR8.o
 .comment       0x00000030       0x31 src/LUFA/LUFA/Drivers/USB/Core/AVR8/Endpoint_AVR8.o
 .comment       0x00000030       0x31 src/LUFA/LUFA/Drivers/USB/Core/AVR8/USBController_AVR8.o
 .comment       0x00000030       0x31 src/LUFA/LUFA/Drivers/USB/Core/AVR8/USBInterrupt_AVR8.o
 .comment       0x00000030       0x31 src/LUFA/LUFA/Drivers/USB/Core/DeviceStandardReq.o
 .comment       0x00000030       0x31 src/LUFA/LUFA/Drivers/USB/Core/Events.o
 .comment       0x00000030       0x31 src/LUFA/LUFA/Drivers/USB/Core/USBTask.o

.note.gnu.avr.deviceinfo
                0x00000000       0x40
 .note.gnu.avr.deviceinfo
                0x00000000       0x40 C:/Program Files (x86)/Atmel/Studio/7.0/Packs/atmel/ATmega_DFP/1.0.98/gcc/dev/at90usb162/avr35/crtat90usb162.o

.note.gnu.build-id
 *(.note.gnu.build-id)

.debug
 *(.debug)

.line
 *(.line)

.debug_srcinfo
 *(.debug_srcinfo)

.debug_sfnames
 *(.debug_sfnames)

.debug_aranges  0x00000000      0x248
 *(.debug_aranges)
 .debug_aranges
                0x00000000       0x20 Descriptors.o
 .debug_aranges
                0x00000020       0x60 GenericHID.o
 .debug_aranges
                0x00000080       0xc8 src/LUFA/LUFA/Drivers/USB/Core/AVR8/EndpointStream_AVR8.o
 .debug_aranges
                0x00000148       0x40 src/LUFA/LUFA/Drivers/USB/Core/AVR8/Endpoint_AVR8.o
 .debug_aranges
                0x00000188       0x30 src/LUFA/LUFA/Drivers/USB/Core/AVR8/USBController_AVR8.o
 .debug_aranges
                0x000001b8       0x30 src/LUFA/LUFA/Drivers/USB/Core/AVR8/USBInterrupt_AVR8.o
 .debug_aranges
                0x000001e8       0x20 src/LUFA/LUFA/Drivers/USB/Core/DeviceStandardReq.o
 .debug_aranges
                0x00000208       0x20 src/LUFA/LUFA/Drivers/USB/Core/Events.o
 .debug_aranges
                0x00000228       0x20 src/LUFA/LUFA/Drivers/USB/Core/USBTask.o

.debug_pubnames
 *(.debug_pubnames)

.debug_info     0x00000000     0x44ae
 *(.debug_info .gnu.linkonce.wi.*)
 .debug_info    0x00000000      0x700 Descriptors.o
 .debug_info    0x00000700      0x7d5 GenericHID.o
 .debug_info    0x00000ed5     0x182a src/LUFA/LUFA/Drivers/USB/Core/AVR8/EndpointStream_AVR8.o
 .debug_info    0x000026ff      0x610 src/LUFA/LUFA/Drivers/USB/Core/AVR8/Endpoint_AVR8.o
 .debug_info    0x00002d0f      0x46d src/LUFA/LUFA/Drivers/USB/Core/AVR8/USBController_AVR8.o
 .debug_info    0x0000317c      0x5bb src/LUFA/LUFA/Drivers/USB/Core/AVR8/USBInterrupt_AVR8.o
 .debug_info    0x00003737      0xa8c src/LUFA/LUFA/Drivers/USB/Core/DeviceStandardReq.o
 .debug_info    0x000041c3       0x7c src/LUFA/LUFA/Drivers/USB/Core/Events.o
 .debug_info    0x0000423f      0x26f src/LUFA/LUFA/Drivers/USB/Core/USBTask.o

.debug_abbrev   0x00000000     0x1057
 *(.debug_abbrev)
 .debug_abbrev  0x00000000      0x169 Descriptors.o
 .debug_abbrev  0x00000169      0x2d9 GenericHID.o
 .debug_abbrev  0x00000442      0x218 src/LUFA/LUFA/Drivers/USB/Core/AVR8/EndpointStream_AVR8.o
 .debug_abbrev  0x0000065a      0x223 src/LUFA/LUFA/Drivers/USB/Core/AVR8/Endpoint_AVR8.o
 .debug_abbrev  0x0000087d      0x182 src/LUFA/LUFA/Drivers/USB/Core/AVR8/USBController_AVR8.o
 .debug_abbrev  0x000009ff      0x1d8 src/LUFA/LUFA/Drivers/USB/Core/AVR8/USBInterrupt_AVR8.o
 .debug_abbrev  0x00000bd7      0x2ce src/LUFA/LUFA/Drivers/USB/Core/DeviceStandardReq.o
 .debug_abbrev  0x00000ea5       0x47 src/LUFA/LUFA/Drivers/USB/Core/Events.o
 .debug_abbrev  0x00000eec      0x16b src/LUFA/LUFA/Drivers/USB/Core/USBTask.o

.debug_line     0x00000000     0x7129
 *(.debug_line .debug_line.* .debug_line_end)
 .debug_line    0x00000000      0xd0d Descriptors.o
 .debug_line    0x00000d0d      0xe77 GenericHID.o
 .debug_line    0x00001b84     0x1ebc src/LUFA/LUFA/Drivers/USB/Core/AVR8/EndpointStream_AVR8.o
 .debug_line    0x00003a40      0xc8a src/LUFA/LUFA/Drivers/USB/Core/AVR8/Endpoint_AVR8.o
 .debug_line    0x000046ca      0x8bc src/LUFA/LUFA/Drivers/USB/Core/AVR8/USBController_AVR8.o
 .debug_line    0x00004f86      0xa80 src/LUFA/LUFA/Drivers/USB/Core/AVR8/USBInterrupt_AVR8.o
 .debug_line    0x00005a06      0xa93 src/LUFA/LUFA/Drivers/USB/Core/DeviceStandardReq.o
 .debug_line    0x00006499      0x488 src/LUFA/LUFA/Drivers/USB/Core/Events.o
 .debug_line    0x00006921      0x808 src/LUFA/LUFA/Drivers/USB/Core/USBTask.o

.debug_frame    0x00000000      0x8fc
 *(.debug_frame)
 .debug_frame   0x00000000       0x24 Descriptors.o
 .debug_frame   0x00000024       0xd0 GenericHID.o
 .debug_frame   0x000000f4      0x5b4 src/LUFA/LUFA/Drivers/USB/Core/AVR8/EndpointStream_AVR8.o
 .debug_frame   0x000006a8       0xf4 src/LUFA/LUFA/Drivers/USB/Core/AVR8/Endpoint_AVR8.o
 .debug_frame   0x0000079c       0x44 src/LUFA/LUFA/Drivers/USB/Core/AVR8/USBController_AVR8.o
 .debug_frame   0x000007e0       0x8c src/LUFA/LUFA/Drivers/USB/Core/AVR8/USBInterrupt_AVR8.o
 .debug_frame   0x0000086c       0x40 src/LUFA/LUFA/Drivers/USB/Core/DeviceStandardReq.o
 .debug_frame   0x000008ac       0x24 src/LUFA/LUFA/Drivers/USB/Core/Events.o
 .debug_frame   0x000008d0       0x2c src/LUFA/LUFA/Drivers/USB/Core/USBTask.o

.debug_str      0x00000000    0x13c45
 *(.debug_str)
 .debug_str     0x00000000    0x11e9c Descriptors.o
                              0x1215a (size before relaxing)
 .debug_str     0x00011e9c      0x7f3 GenericHID.o
                              0x12244 (size before relaxing)
 .debug_str     0x0001268f      0xa55 src/LUFA/LUFA/Drivers/USB/Core/AVR8/EndpointStream_AVR8.o
                               0xc557 (size before relaxing)
 .debug_str     0x000130e4      0x271 src/LUFA/LUFA/Drivers/USB/Core/AVR8/Endpoint_AVR8.o
                               0xbbfa (size before relaxing)
 .debug_str     0x00013355      0x27b src/LUFA/LUFA/Drivers/USB/Core/AVR8/USBController_AVR8.o
                               0xbb31 (size before relaxing)
 .debug_str     0x000135d0      0x10e src/LUFA/LUFA/Drivers/USB/Core/AVR8/USBInterrupt_AVR8.o
                               0xbabb (size before relaxing)
 .debug_str     0x000136de      0x496 src/LUFA/LUFA/Drivers/USB/Core/DeviceStandardReq.o
                               0xbfcb (size before relaxing)
 .debug_str     0x00013b74       0x53 src/LUFA/LUFA/Drivers/USB/Core/Events.o
                               0xadbe (size before relaxing)
 .debug_str     0x00013bc7       0x7e src/LUFA/LUFA/Drivers/USB/Core/USBTask.o
                               0xb979 (size before relaxing)

.debug_loc      0x00000000     0x357f
 *(.debug_loc)
 .debug_loc     0x00000000      0x2d3 Descriptors.o
 .debug_loc     0x000002d3       0xe5 GenericHID.o
 .debug_loc     0x000003b8     0x2630 src/LUFA/LUFA/Drivers/USB/Core/AVR8/EndpointStream_AVR8.o
 .debug_loc     0x000029e8      0x5e8 src/LUFA/LUFA/Drivers/USB/Core/AVR8/Endpoint_AVR8.o
 .debug_loc     0x00002fd0      0x21f src/LUFA/LUFA/Drivers/USB/Core/AVR8/USBInterrupt_AVR8.o
 .debug_loc     0x000031ef      0x347 src/LUFA/LUFA/Drivers/USB/Core/DeviceStandardReq.o
 .debug_loc     0x00003536       0x49 src/LUFA/LUFA/Drivers/USB/Core/USBTask.o

.debug_macinfo
 *(.debug_macinfo)

.debug_weaknames
 *(.debug_weaknames)

.debug_funcnames
 *(.debug_funcnames)

.debug_typenames
 *(.debug_typenames)

.debug_varnames
 *(.debug_varnames)

.debug_pubtypes
 *(.debug_pubtypes)

.debug_ranges   0x00000000      0xbd8
 *(.debug_ranges)
 .debug_ranges  0x00000000       0x10 Descriptors.o
 .debug_ranges  0x00000010       0x50 GenericHID.o
 .debug_ranges  0x00000060      0x918 src/LUFA/LUFA/Drivers/USB/Core/AVR8/EndpointStream_AVR8.o
 .debug_ranges  0x00000978      0x1a8 src/LUFA/LUFA/Drivers/USB/Core/AVR8/Endpoint_AVR8.o
 .debug_ranges  0x00000b20       0x20 src/LUFA/LUFA/Drivers/USB/Core/AVR8/USBController_AVR8.o
 .debug_ranges  0x00000b40       0x20 src/LUFA/LUFA/Drivers/USB/Core/AVR8/USBInterrupt_AVR8.o
 .debug_ranges  0x00000b60       0x58 src/LUFA/LUFA/Drivers/USB/Core/DeviceStandardReq.o
 .debug_ranges  0x00000bb8       0x10 src/LUFA/LUFA/Drivers/USB/Core/Events.o
 .debug_ranges  0x00000bc8       0x10 src/LUFA/LUFA/Drivers/USB/Core/USBTask.o

.debug_macro    0x00000000     0x5fd7
 *(.debug_macro)
 .debug_macro   0x00000000      0x44f Descriptors.o
 .debug_macro   0x0000044f      0xa60 Descriptors.o
 .debug_macro   0x00000eaf       0x12 Descriptors.o
 .debug_macro   0x00000ec1       0x10 Descriptors.o
 .debug_macro   0x00000ed1      0x1ad Descriptors.o
 .debug_macro   0x0000107e       0x22 Descriptors.o
 .debug_macro   0x000010a0       0x16 Descriptors.o
 .debug_macro   0x000010b6       0x97 Descriptors.o
 .debug_macro   0x0000114d       0x16 Descriptors.o
 .debug_macro   0x00001163       0xef Descriptors.o
 .debug_macro   0x00001252       0x22 Descriptors.o
 .debug_macro   0x00001274      0x1a0 Descriptors.o
 .debug_macro   0x00001414       0x36 Descriptors.o
 .debug_macro   0x0000144a       0x1c Descriptors.o
 .debug_macro   0x00001466       0x68 Descriptors.o
 .debug_macro   0x000014ce       0x28 Descriptors.o
 .debug_macro   0x000014f6       0x10 Descriptors.o
 .debug_macro   0x00001506      0x299 Descriptors.o
 .debug_macro   0x0000179f       0x9e Descriptors.o
 .debug_macro   0x0000183d      0xe8a Descriptors.o
 .debug_macro   0x000026c7      0x100 Descriptors.o
 .debug_macro   0x000027c7      0x139 Descriptors.o
 .debug_macro   0x00002900       0xbd Descriptors.o
 .debug_macro   0x000029bd       0x34 Descriptors.o
 .debug_macro   0x000029f1       0x18 Descriptors.o
 .debug_macro   0x00002a09       0x6c Descriptors.o
 .debug_macro   0x00002a75       0x69 Descriptors.o
 .debug_macro   0x00002ade       0x10 Descriptors.o
 .debug_macro   0x00002aee       0x35 Descriptors.o
 .debug_macro   0x00002b23       0xe2 Descriptors.o
 .debug_macro   0x00002c05       0x33 Descriptors.o
 .debug_macro   0x00002c38      0x10c Descriptors.o
 .debug_macro   0x00002d44      0x160 Descriptors.o
 .debug_macro   0x00002ea4      0x160 Descriptors.o
 .debug_macro   0x00003004       0x10 Descriptors.o
 .debug_macro   0x00003014       0x1c Descriptors.o
 .debug_macro   0x00003030       0x86 Descriptors.o
 .debug_macro   0x000030b6       0x3c Descriptors.o
 .debug_macro   0x000030f2       0x19 Descriptors.o
 .debug_macro   0x0000310b       0x4d Descriptors.o
 .debug_macro   0x00003158       0x73 Descriptors.o
 .debug_macro   0x000031cb       0x16 Descriptors.o
 .debug_macro   0x000031e1       0x12 Descriptors.o
 .debug_macro   0x000031f3       0x1c Descriptors.o
 .debug_macro   0x0000320f       0x64 Descriptors.o
 .debug_macro   0x00003273       0x41 Descriptors.o
 .debug_macro   0x000032b4       0x10 Descriptors.o
 .debug_macro   0x000032c4       0x1c Descriptors.o
 .debug_macro   0x000032e0       0x16 Descriptors.o
 .debug_macro   0x000032f6       0x16 Descriptors.o
 .debug_macro   0x0000330c      0x12c Descriptors.o
 .debug_macro   0x00003438       0x16 Descriptors.o
 .debug_macro   0x0000344e       0x46 Descriptors.o
 .debug_macro   0x00003494       0x58 Descriptors.o
 .debug_macro   0x000034ec       0x10 Descriptors.o
 .debug_macro   0x000034fc       0xeb Descriptors.o
 .debug_macro   0x000035e7       0x16 Descriptors.o
 .debug_macro   0x000035fd      0x154 Descriptors.o
 .debug_macro   0x00003751       0x2a Descriptors.o
 .debug_macro   0x0000377b      0x6ce Descriptors.o
 .debug_macro   0x00003e49       0x16 Descriptors.o
 .debug_macro   0x00003e5f      0x132 Descriptors.o
 .debug_macro   0x00003f91       0x16 Descriptors.o
 .debug_macro   0x00003fa7       0x10 Descriptors.o
 .debug_macro   0x00003fb7       0x6c Descriptors.o
 .debug_macro   0x00004023       0x16 Descriptors.o
 .debug_macro   0x00004039       0x1c Descriptors.o
 .debug_macro   0x00004055       0x16 Descriptors.o
 .debug_macro   0x0000406b       0x10 Descriptors.o
 .debug_macro   0x0000407b      0x1be Descriptors.o
 .debug_macro   0x00004239       0x16 Descriptors.o
 .debug_macro   0x0000424f       0x16 Descriptors.o
 .debug_macro   0x00004265       0x16 Descriptors.o
 .debug_macro   0x0000427b      0x47f GenericHID.o
 .debug_macro   0x000046fa      0x293 GenericHID.o
 .debug_macro   0x0000498d       0x68 GenericHID.o
 .debug_macro   0x000049f5       0x65 GenericHID.o
 .debug_macro   0x00004a5a      0x61d src/LUFA/LUFA/Drivers/USB/Core/AVR8/EndpointStream_AVR8.o
 .debug_macro   0x00005077       0x28 src/LUFA/LUFA/Drivers/USB/Core/AVR8/EndpointStream_AVR8.o
 .debug_macro   0x0000509f       0x1c src/LUFA/LUFA/Drivers/USB/Core/AVR8/EndpointStream_AVR8.o
 .debug_macro   0x000050bb       0x1c src/LUFA/LUFA/Drivers/USB/Core/AVR8/EndpointStream_AVR8.o
 .debug_macro   0x000050d7      0x2b4 src/LUFA/LUFA/Drivers/USB/Core/AVR8/Endpoint_AVR8.o
 .debug_macro   0x0000538b       0x10 src/LUFA/LUFA/Drivers/USB/Core/AVR8/Endpoint_AVR8.o
 .debug_macro   0x0000539b      0x286 src/LUFA/LUFA/Drivers/USB/Core/AVR8/USBController_AVR8.o
 .debug_macro   0x00005621       0x79 src/LUFA/LUFA/Drivers/USB/Core/AVR8/USBController_AVR8.o
 .debug_macro   0x0000569a      0x28e src/LUFA/LUFA/Drivers/USB/Core/AVR8/USBInterrupt_AVR8.o
 .debug_macro   0x00005928      0x28c src/LUFA/LUFA/Drivers/USB/Core/DeviceStandardReq.o
 .debug_macro   0x00005bb4      0x191 src/LUFA/LUFA/Drivers/USB/Core/Events.o
 .debug_macro   0x00005d45      0x292 src/LUFA/LUFA/Drivers/USB/Core/USBTask.o
OUTPUT(main-device.elf elf32-avr)
LOAD linker stubs
